
DevTools listening on ws://127.0.0.1:65398/devtools/browser/78eabd64-6ef7-4df6-b542-58302ee8e5df
[92884:80732:1008/154422.998:ERROR:content\browser\gpu\gpu_process_host.cc:1130] GPU process exited unexpectedly: exit_code=34
[92884:80732:1008/154425.390:ERROR:chrome\browser\download\download_status_updater_win.cc:36] Failed initializing an ITaskbarList3 interface.
[92884:80732:1008/154425.390:ERROR:chrome\browser\download\download_status_updater_win.cc:36] Failed initializing an ITaskbarList3 interface.
[92884:80732:1008/154425.390:ERROR:chrome\browser\download\download_status_updater_win.cc:36] Failed initializing an ITaskbarList3 interface.
[92884:80732:1008/154425.390:ERROR:chrome\browser\download\download_status_updater_win.cc:36] Failed initializing an ITaskbarList3 interface.
[92884:80732:1008/154425.395:ERROR:chrome\browser\download\download_status_updater_win.cc:36] Failed initializing an ITaskbarList3 interface.
[92884:80732:1008/154425.474:ERROR:chrome\browser\download\download_status_updater_win.cc:36] Failed initializing an ITaskbarList3 interface.
[92884:80732:1008/154425.490:ERROR:chrome\browser\download\download_status_updater_win.cc:36] Failed initializing an ITaskbarList3 interface.
[92884:80732:1008/154425.652:ERROR:chrome\browser\download\download_status_updater_win.cc:36] Failed initializing an ITaskbarList3 interface.
[92884:80732:1008/154425.652:ERROR:chrome\browser\download\download_status_updater_win.cc:36] Failed initializing an ITaskbarList3 interface.
[92884:80732:1008/154425.652:ERROR:chrome\browser\download\download_status_updater_win.cc:36] Failed initializing an ITaskbarList3 interface.
[92884:80732:1008/154425.653:ERROR:chrome\browser\download\download_status_updater_win.cc:36] Failed initializing an ITaskbarList3 interface.
[92884:80732:1008/154425.659:ERROR:chrome\browser\download\download_status_updater_win.cc:36] Failed initializing an ITaskbarList3 interface.
[92884:80732:1008/154425.671:ERROR:chrome\browser\download\download_status_updater_win.cc:36] Failed initializing an ITaskbarList3 interface.
[92884:80732:1008/154425.686:ERROR:chrome\browser\download\download_status_updater_win.cc:36] Failed initializing an ITaskbarList3 interface.
[92884:80732:1008/154425.786:ERROR:chrome\browser\download\download_status_updater_win.cc:36] Failed initializing an ITaskbarList3 interface.
[92884:80732:1008/154425.787:ERROR:chrome\browser\download\download_status_updater_win.cc:36] Failed initializing an ITaskbarList3 interface.
[92884:80732:1008/154425.787:ERROR:chrome\browser\download\download_status_updater_win.cc:36] Failed initializing an ITaskbarList3 interface.
[92884:80732:1008/154425.787:ERROR:chrome\browser\download\download_status_updater_win.cc:36] Failed initializing an ITaskbarList3 interface.
[92884:80732:1008/154425.800:ERROR:chrome\browser\download\download_status_updater_win.cc:36] Failed initializing an ITaskbarList3 interface.
[92884:80732:1008/154425.827:ERROR:chrome\browser\download\download_status_updater_win.cc:36] Failed initializing an ITaskbarList3 interface.
[92884:80732:1008/154425.850:ERROR:chrome\browser\download\download_status_updater_win.cc:36] Failed initializing an ITaskbarList3 interface.
[92884:80732:1008/154425.934:ERROR:chrome\browser\download\download_status_updater_win.cc:36] Failed initializing an ITaskbarList3 interface.
[92884:80732:1008/154426.043:ERROR:chrome\browser\download\download_status_updater_win.cc:36] Failed initializing an ITaskbarList3 interface.
[92884:80732:1008/154426.043:ERROR:chrome\browser\download\download_status_updater_win.cc:36] Failed initializing an ITaskbarList3 interface.
[92884:80732:1008/154426.043:ERROR:chrome\browser\download\download_status_updater_win.cc:36] Failed initializing an ITaskbarList3 interface.
[92884:80732:1008/154426.065:ERROR:chrome\browser\download\download_status_updater_win.cc:36] Failed initializing an ITaskbarList3 interface.
[92884:80732:1008/154426.079:ERROR:chrome\browser\download\download_status_updater_win.cc:36] Failed initializing an ITaskbarList3 interface.
[92884:80732:1008/154426.112:ERROR:chrome\browser\download\download_status_updater_win.cc:36] Failed initializing an ITaskbarList3 interface.
[92884:87812:1008/154426.390:ERROR:google_apis\gcm\engine\registration_request.cc:291] Registration response error message: DEPRECATED_ENDPOINT
[92884:80732:1008/154426.451:ERROR:chrome\browser\download\download_status_updater_win.cc:36] Failed initializing an ITaskbarList3 interface.
[92884:80732:1008/154426.452:ERROR:chrome\browser\download\download_status_updater_win.cc:36] Failed initializing an ITaskbarList3 interface.
[92884:80732:1008/154426.452:ERROR:chrome\browser\download\download_status_updater_win.cc:36] Failed initializing an ITaskbarList3 interface.
[92884:80732:1008/154426.452:ERROR:chrome\browser\download\download_status_updater_win.cc:36] Failed initializing an ITaskbarList3 interface.
[92884:80732:1008/154426.459:ERROR:chrome\browser\download\download_status_updater_win.cc:36] Failed initializing an ITaskbarList3 interface.
[92884:80732:1008/154426.471:ERROR:chrome\browser\download\download_status_updater_win.cc:36] Failed initializing an ITaskbarList3 interface.
[92884:80732:1008/154426.490:ERROR:chrome\browser\download\download_status_updater_win.cc:36] Failed initializing an ITaskbarList3 interface.
Created TensorFlow Lite XNNPACK delegate for CPU.
[92884:87812:1008/154451.583:ERROR:google_apis\gcm\engine\registration_request.cc:291] Registration response error message: DEPRECATED_ENDPOINT
