TAP version 13
# Subtest: projects approved fields and uses exact native leap-day deadlines without changing input
ok 1 - projects approved fields and uses exact native leap-day deadlines without changing input
  ---
  duration_ms: 2.940653
  type: 'test'
  ...
# Subtest: retains literal commas, embedded quotes, CRLF, tabs and supplementary Unicode in decoded CSV cells
ok 2 - retains literal commas, embedded quotes, CRLF, tabs and supplementary Unicode in decoded CSV cells
  ---
  duration_ms: 0.418219
  type: 'test'
  ...
# Subtest: neutralizes formula-like text including leading whitespace and reports exact prefixed-cell count
ok 3 - neutralizes formula-like text including leading whitespace and reports exact prefixed-cell count
  ---
  duration_ms: 0.540623
  type: 'test'
  ...
# Subtest: sorts by native deadline then exact saved ID without changing recorded attribution or timestamps
ok 4 - sorts by native deadline then exact saved ID without changing recorded attribution or timestamps
  ---
  duration_ms: 1.444202
  type: 'test'
  ...
# Subtest: keeps optional saved text empty and numeric-looking order numbers exact in file bytes
ok 5 - keeps optional saved text empty and numeric-looking order numbers exact in file bytes
  ---
  duration_ms: 0.529627
  type: 'test'
  ...
# Subtest: refuses a whole inconsistent tracker rather than emitting valid-looking partial rows
ok 6 - refuses a whole inconsistent tracker rather than emitting valid-looking partial rows
  ---
  duration_ms: 12.166347
  type: 'test'
  ...
# Subtest: refuses lossy or unsupported CSV text while retaining exact valid Unicode and ignored extra fields
ok 7 - refuses lossy or unsupported CSV text while retaining exact valid Unicode and ignored extra fields
  ---
  duration_ms: 1.749321
  type: 'test'
  ...
# Subtest: admits the existing 10000-order bound and refuses larger or oversized saved data
ok 8 - admits the existing 10000-order bound and refuses larger or oversized saved data
  ---
  duration_ms: 458.307815
  type: 'test'
  ...
# Subtest: has deterministic bytes at a pinned timestamp and rejects an unusable export timestamp
ok 9 - has deterministic bytes at a pinned timestamp and rejects an unusable export timestamp
  ---
  duration_ms: 0.920564
  type: 'test'
  ...
1..9
# tests 9
# suites 0
# pass 9
# fail 0
# cancelled 0
# skipped 0
# todo 0
# duration_ms 661.492092
