{
  "status": "failed",
  "browser": "153.0.8010.47",
  "checks": {},
  "downloads": [],
  "browserErrors": [
    "Failed to read the 'localStorage' property from 'Window': Access is denied for this document."
  ],
  "externalRequests": [],
  "error": "page.goto: net::ERR_INSUFFICIENT_RESOURCES at http://127.0.0.1:46521/baseline/\nCall log:\n\u001b[2m  - navigating to \"http://127.0.0.1:46521/baseline/\", waiting until \"networkidle\"\u001b[22m\n\n    at open (/tmp/returnby-lookup-965d2e86e979/source/tools/check_order_search_browser.mjs:61:14)\n    at async file:///tmp/returnby-lookup-965d2e86e979/source/tools/check_order_search_browser.mjs:87:22"
}
node:internal/modules/run_main:123
    triggerUncaughtException(
    ^

page.goto: net::ERR_INSUFFICIENT_RESOURCES at http://127.0.0.1:46521/baseline/
Call log:
[2m  - navigating to "http://127.0.0.1:46521/baseline/", waiting until "networkidle"[22m

    at open (/tmp/returnby-lookup-965d2e86e979/source/tools/check_order_search_browser.mjs:61:14)
    at async file:///tmp/returnby-lookup-965d2e86e979/source/tools/check_order_search_browser.mjs:87:22 {
  log: [
    '  - navigating to "http://127.0.0.1:46521/baseline/", waiting until "networkidle"'
  ],
  name: 'Error'
}

Node.js v22.22.1
