✖ exports all currently displayed deadlines in one real browser download (254.086915ms)
ℹ tests 1
ℹ suites 0
ℹ pass 0
ℹ fail 1
ℹ cancelled 0
ℹ skipped 0
ℹ todo 0
ℹ duration_ms 595.146246

✖ failing tests:

test at tools/check_calendar_browser.mjs:129:1
✖ exports all currently displayed deadlines in one real browser download (254.086915ms)
  AssertionError [ERR_ASSERTION]: bulk calendar control must exist above the displayed list

  0 !== 1

      at TestContext.<anonymous> (file:///dev/shm/returnby-calendar-afe225d6c6be/source/tools/check_calendar_browser.mjs:135:12)
      at async Test.run (node:internal/test_runner/test:1389:7)
      at async startSubtestAfterBootstrap (node:internal/test_runner/harness:387:3) {
    generatedMessage: false,
    code: 'ERR_ASSERTION',
    actual: 0,
    expected: 1,
    operator: 'strictEqual',
    diff: 'simple'
  }
