2026-10-08T15:16:48.1076639Z Current runner version: '2.337.0'
2026-10-08T15:16:48.1101976Z ##[group]Runner Image Provisioner
2026-10-08T15:16:48.1102949Z Hosted Compute Agent
2026-10-08T15:16:48.1103633Z Version: 20261002.596
2026-10-08T15:16:48.1104308Z Commit: c3d12f3313a95f25162a1503be624f3b0617f8c0
2026-10-08T15:16:48.1105440Z Build Date: 2026-10-02T22:28:27Z
2026-10-08T15:16:48.1106149Z Worker ID: {54e21804-8b6a-43a7-8973-617a8de0c020}
2026-10-08T15:16:48.1106867Z Region: westus
2026-10-08T15:16:48.1107491Z Cloud: Azure
2026-10-08T15:16:48.1108074Z ##[endgroup]
2026-10-08T15:16:48.1109655Z ##[group]Operating System
2026-10-08T15:16:48.1110319Z Ubuntu
2026-10-08T15:16:48.1110834Z 24.04.5
2026-10-08T15:16:48.1111417Z LTS
2026-10-08T15:16:48.1111942Z ##[endgroup]
2026-10-08T15:16:48.1112570Z ##[group]Runner Image
2026-10-08T15:16:48.1113197Z Image: ubuntu-24.04
2026-10-08T15:16:48.1113779Z Version: 20261004.327.1
2026-10-08T15:16:48.1115335Z Included Software: https://github.com/actions/runner-images/blob/ubuntu24/20261004.327/images/ubuntu/Ubuntu2404-Readme.md
2026-10-08T15:16:48.1117028Z Image Release: https://github.com/actions/runner-images/releases/tag/ubuntu24%2F20261004.327
2026-10-08T15:16:48.1118038Z ##[endgroup]
2026-10-08T15:16:48.1119196Z ##[group]GITHUB_TOKEN Permissions
2026-10-08T15:16:48.1121319Z Contents: read
2026-10-08T15:16:48.1122000Z Metadata: read
2026-10-08T15:16:48.1122676Z ##[endgroup]
2026-10-08T15:16:48.1125032Z Secret source: Actions
2026-10-08T15:16:48.1126096Z Cache mode: write
2026-10-08T15:16:48.1126800Z Prepare workflow directory
2026-10-08T15:16:48.1501770Z Prepare all required actions
2026-10-08T15:16:48.1560419Z Getting action download info
2026-10-08T15:16:48.5118389Z Download action repository 'actions/checkout@v4' (SHA:11d5960a326750d5838078e36cf38b85af677262)
2026-10-08T15:16:48.6164395Z Download action repository 'actions/setup-node@v4' (SHA:49933ea5288caeca8642d1e84afbd3f7d6820020)
2026-10-08T15:16:48.8102072Z Complete job name: test-and-build
2026-10-08T15:16:48.8881410Z ##[group]Run actions/checkout@v4
2026-10-08T15:16:48.8882288Z with:
2026-10-08T15:16:48.8882734Z   repository: Jacob-Met/returnby
2026-10-08T15:16:48.8887096Z   token: ***
2026-10-08T15:16:48.8887546Z   ssh-strict: true
2026-10-08T15:16:48.8887990Z   ssh-user: git
2026-10-08T15:16:48.8888429Z   persist-credentials: true
2026-10-08T15:16:48.8888910Z   clean: true
2026-10-08T15:16:48.8889346Z   sparse-checkout-cone-mode: true
2026-10-08T15:16:48.8889859Z   fetch-depth: 1
2026-10-08T15:16:48.8890291Z   fetch-tags: false
2026-10-08T15:16:48.8890724Z   show-progress: true
2026-10-08T15:16:48.8891168Z   lfs: false
2026-10-08T15:16:48.8891577Z   submodules: false
2026-10-08T15:16:48.8892027Z   set-safe-directory: true
2026-10-08T15:16:48.8892528Z   allow-unsafe-pr-checkout: false
2026-10-08T15:16:48.8893348Z ##[endgroup]
2026-10-08T15:16:48.9871052Z Syncing repository: Jacob-Met/returnby
2026-10-08T15:16:48.9873431Z ##[group]Getting Git version info
2026-10-08T15:16:48.9874320Z Working directory is '/home/runner/work/returnby/returnby'
2026-10-08T15:16:48.9883428Z [command]/usr/bin/git version
2026-10-08T15:16:49.0002569Z git version 2.55.0
2026-10-08T15:16:49.0024242Z ##[endgroup]
2026-10-08T15:16:49.0040005Z Temporarily overriding HOME='/home/runner/work/_temp/f0568a78-318c-4e32-ab1d-6888969e78ec' before making global git config changes
2026-10-08T15:16:49.0042782Z Adding repository directory to the temporary git global config as a safe directory
2026-10-08T15:16:49.0045384Z [command]/usr/bin/git config --global --add safe.directory /home/runner/work/returnby/returnby
2026-10-08T15:16:49.0101777Z Deleting the contents of '/home/runner/work/returnby/returnby'
2026-10-08T15:16:49.0106647Z ##[group]Initializing the repository
2026-10-08T15:16:49.0110365Z [command]/usr/bin/git init /home/runner/work/returnby/returnby
2026-10-08T15:16:49.0229091Z hint: Using 'master' as the name for the initial branch. This default branch name
2026-10-08T15:16:49.0231785Z hint: will change to "main" in Git 3.0. To configure the initial branch name
2026-10-08T15:16:49.0235126Z hint: to use in all of your new repositories, which will suppress this warning,
2026-10-08T15:16:49.0237380Z hint: call:
2026-10-08T15:16:49.0238507Z hint:
2026-10-08T15:16:49.0239858Z hint: 	git config --global init.defaultBranch <name>
2026-10-08T15:16:49.0241640Z hint:
2026-10-08T15:16:49.0243412Z hint: Names commonly chosen instead of 'master' are 'main', 'trunk' and
2026-10-08T15:16:49.0245904Z hint: 'development'. The just-created branch can be renamed via this command:
2026-10-08T15:16:49.0247172Z hint:
2026-10-08T15:16:49.0247627Z hint: 	git branch -m <name>
2026-10-08T15:16:49.0248129Z hint:
2026-10-08T15:16:49.0248780Z hint: Disable this message with "git config set advice.defaultBranchName false"
2026-10-08T15:16:49.0249836Z Initialized empty Git repository in /home/runner/work/returnby/returnby/.git/
2026-10-08T15:16:49.0253910Z [command]/usr/bin/git remote add origin https://github.com/Jacob-Met/returnby
2026-10-08T15:16:49.0305578Z ##[endgroup]
2026-10-08T15:16:49.0307024Z ##[group]Disabling automatic garbage collection
2026-10-08T15:16:49.0310544Z [command]/usr/bin/git config --local gc.auto 0
2026-10-08T15:16:49.0359159Z ##[endgroup]
2026-10-08T15:16:49.0359929Z ##[group]Setting up auth
2026-10-08T15:16:49.0367870Z [command]/usr/bin/git config --local --name-only --get-regexp core\.sshCommand
2026-10-08T15:16:49.0420070Z [command]/usr/bin/git submodule foreach --recursive sh -c "git config --local --name-only --get-regexp 'core\.sshCommand' && git config --local --unset-all 'core.sshCommand' || :"
2026-10-08T15:16:49.0832550Z [command]/usr/bin/git config --local --name-only --get-regexp http\.https\:\/\/github\.com\/\.extraheader
2026-10-08T15:16:49.0879603Z [command]/usr/bin/git submodule foreach --recursive sh -c "git config --local --name-only --get-regexp 'http\.https\:\/\/github\.com\/\.extraheader' && git config --local --unset-all 'http.https://github.com/.extraheader' || :"
2026-10-08T15:16:49.1107950Z [command]/usr/bin/git config --local --name-only --get-regexp ^includeIf\.gitdir:
2026-10-08T15:16:49.1151321Z [command]/usr/bin/git submodule foreach --recursive git config --local --show-origin --name-only --get-regexp remote.origin.url
2026-10-08T15:16:49.1379119Z [command]/usr/bin/git config --local http.https://github.com/.extraheader AUTHORIZATION: basic ***
2026-10-08T15:16:49.1419623Z ##[endgroup]
2026-10-08T15:16:49.1420722Z ##[group]Fetching the repository
2026-10-08T15:16:49.1429908Z [command]/usr/bin/git -c protocol.version=2 fetch --no-tags --prune --no-recurse-submodules --depth=1 origin +3bac025d6836cbbd715c98ec3974992b14fa5496:refs/remotes/pull/28/merge
2026-10-08T15:16:49.7640706Z From https://github.com/Jacob-Met/returnby
2026-10-08T15:16:49.7642028Z  * [new ref]         3bac025d6836cbbd715c98ec3974992b14fa5496 -> pull/28/merge
2026-10-08T15:16:49.7646491Z ##[endgroup]
2026-10-08T15:16:49.7647652Z ##[group]Determining the checkout info
2026-10-08T15:16:49.7649534Z ##[endgroup]
2026-10-08T15:16:49.7655364Z [command]/usr/bin/git sparse-checkout disable
2026-10-08T15:16:49.7709709Z [command]/usr/bin/git config --local --unset-all extensions.worktreeConfig
2026-10-08T15:16:49.7746596Z ##[group]Checking out the ref
2026-10-08T15:16:49.7749960Z [command]/usr/bin/git checkout --progress --force refs/remotes/pull/28/merge
2026-10-08T15:16:49.7989033Z Note: switching to 'refs/remotes/pull/28/merge'.
2026-10-08T15:16:49.7990000Z 
2026-10-08T15:16:49.7990587Z You are in 'detached HEAD' state. You can look around, make experimental
2026-10-08T15:16:49.7991598Z changes and commit them, and you can discard any commits you make in this
2026-10-08T15:16:49.7992591Z state without impacting any branches by switching back to a branch.
2026-10-08T15:16:49.7993195Z 
2026-10-08T15:16:49.7993604Z If you want to create a new branch to retain commits you create, you may
2026-10-08T15:16:49.7994798Z do so (now or later) by using -c with the switch command. Example:
2026-10-08T15:16:49.7995713Z 
2026-10-08T15:16:49.7996125Z   git switch -c <new-branch-name>
2026-10-08T15:16:49.7996628Z 
2026-10-08T15:16:49.7997103Z Or undo this operation with:
2026-10-08T15:16:49.7997504Z 
2026-10-08T15:16:49.7997724Z   git switch -
2026-10-08T15:16:49.7998054Z 
2026-10-08T15:16:49.7998486Z Turn off this advice by setting config variable advice.detachedHead to false
2026-10-08T15:16:49.7999108Z 
2026-10-08T15:16:49.7999787Z HEAD is now at 3bac025 Merge 8414d3d97b126d913935679665e6c2017b98d26e into 7829e56e57ef91dfe8edd5853fd68d6c7890fac0
2026-10-08T15:16:49.8002898Z ##[endgroup]
2026-10-08T15:16:49.8047662Z [command]/usr/bin/git log -1 --format=%H
2026-10-08T15:16:49.8074683Z 3bac025d6836cbbd715c98ec3974992b14fa5496
2026-10-08T15:16:49.8432919Z ##[group]Run actions/setup-node@v4
2026-10-08T15:16:49.8433505Z with:
2026-10-08T15:16:49.8433920Z   node-version: 22
2026-10-08T15:16:49.8504834Z   cache: npm
2026-10-08T15:16:49.8505764Z   always-auth: false
2026-10-08T15:16:49.8506748Z   check-latest: false
2026-10-08T15:16:49.8515802Z   token: ***
2026-10-08T15:16:49.8516736Z ##[endgroup]
2026-10-08T15:16:49.9925974Z Found in cache @ /opt/hostedtoolcache/node/22.23.3/x64
2026-10-08T15:16:49.9929253Z (node:2311) [DEP0040] DeprecationWarning: The `punycode` module is deprecated. Please use a userland alternative instead.
2026-10-08T15:16:49.9931136Z (Use `node --trace-deprecation ...` to show where the warning was created)
2026-10-08T15:16:49.9932991Z ##[group]Environment details
2026-10-08T15:16:50.4153153Z node: v22.23.3
2026-10-08T15:16:50.4154409Z npm: 10.9.9
2026-10-08T15:16:50.4155399Z yarn: 1.22.22
2026-10-08T15:16:50.4156866Z ##[endgroup]
2026-10-08T15:16:50.4176301Z [command]/opt/hostedtoolcache/node/22.23.3/x64/bin/npm config get cache
2026-10-08T15:16:50.5282465Z /home/runner/.npm
2026-10-08T15:16:50.8557323Z Cache hit for: node-cache-Linux-x64-npm-df462277ac00377fab2913d56331cbd61a668f929cf335a250b95d1eb23d49df
2026-10-08T15:16:50.8667121Z (node:2311) [DEP0169] DeprecationWarning: `url.parse()` behavior is not standardized and prone to errors that have security implications. Use the WHATWG URL API instead. CVEs are not issued for `url.parse()` vulnerabilities.
2026-10-08T15:16:52.1200387Z Received 9345943 of 30317463 (30.8%), 8.9 MBs/sec
2026-10-08T15:16:52.3495568Z Received 30317463 of 30317463 (100.0%), 23.5 MBs/sec
2026-10-08T15:16:52.3496747Z Cache Size: ~29 MB (30317463 B)
2026-10-08T15:16:52.3525102Z [command]/usr/bin/tar -xf /home/runner/work/_temp/3283c832-314e-48b1-a15b-0339c2acca9e/cache.tzst -P -C /home/runner/work/returnby/returnby --use-compress-program unzstd
2026-10-08T15:16:52.4043399Z Cache restored successfully
2026-10-08T15:16:52.4062185Z Cache restored from key: node-cache-Linux-x64-npm-df462277ac00377fab2913d56331cbd61a668f929cf335a250b95d1eb23d49df
2026-10-08T15:16:52.4235156Z ##[group]Run npm ci
2026-10-08T15:16:52.4235529Z [36;1mnpm ci[0m
2026-10-08T15:16:52.4495603Z shell: /usr/bin/bash -e {0}
2026-10-08T15:16:52.4496050Z ##[endgroup]
2026-10-08T15:16:53.8137866Z 
2026-10-08T15:16:53.8144890Z added 38 packages, and audited 39 packages in 1s
2026-10-08T15:16:53.8145463Z 
2026-10-08T15:16:53.8145825Z 13 packages are looking for funding
2026-10-08T15:16:53.8146384Z   run `npm fund` for details
2026-10-08T15:16:53.8148618Z 
2026-10-08T15:16:53.8148886Z found 0 vulnerabilities
2026-10-08T15:16:53.8662746Z ##[group]Run npm audit --audit-level=moderate
2026-10-08T15:16:53.8663247Z [36;1mnpm audit --audit-level=moderate[0m
2026-10-08T15:16:53.8729882Z shell: /usr/bin/bash -e {0}
2026-10-08T15:16:53.8730263Z ##[endgroup]
2026-10-08T15:16:54.2429295Z found 0 vulnerabilities
2026-10-08T15:16:54.2552919Z ##[group]Run npm test
2026-10-08T15:16:54.2553257Z [36;1mnpm test[0m
2026-10-08T15:16:54.2617736Z shell: /usr/bin/bash -e {0}
2026-10-08T15:16:54.2618151Z ##[endgroup]
2026-10-08T15:16:54.3668831Z 
2026-10-08T15:16:54.3669486Z > returnby@0.1.0 test
2026-10-08T15:16:54.3670047Z > vitest run
2026-10-08T15:16:54.3670275Z 
2026-10-08T15:16:54.7063338Z 
2026-10-08T15:16:54.7068031Z [1m[30m[46m RUN [49m[39m[22m [36mv5.0.3 [39m[90m/home/runner/work/returnby/returnby[39m
2026-10-08T15:16:54.7068798Z 
2026-10-08T15:16:55.1675459Z  [32m✓[39m tests/calendar-batch.test.ts [2m([22m[2m32 tests[22m[2m)[22m[32m 143[2mms[22m[39m
2026-10-08T15:16:55.4996040Z  [32m✓[39m tests/combined-receiving.test.mjs [2m([22m[2m3 tests[22m[2m)[22m[32m 85[2mms[22m[39m
2026-10-08T15:16:55.7318663Z  [32m✓[39m tests/edit-ui.test.mjs [2m([22m[2m7 tests[22m[2m)[22m[32m 49[2mms[22m[39m
2026-10-08T15:16:55.7776071Z  [32m✓[39m tests/backup-ui.test.mjs [2m([22m[2m19 tests[22m[2m)[22m[33m 752[2mms[22m[39m
2026-10-08T15:16:55.7824040Z    [33m[2m✓[22m[39m a byte-limit overflow in the combined tracker is refused before any import write[33m 448[2mms[22m[39m
2026-10-08T15:16:55.9177129Z  [32m✓[39m tests/edit.test.ts [2m([22m[2m34 tests[22m[2m)[22m[32m 19[2mms[22m[39m
2026-10-08T15:16:56.0239686Z  [32m✓[39m tests/ics.test.ts [2m([22m[2m12 tests[22m[2m)[22m[32m 57[2mms[22m[39m
2026-10-08T15:16:56.1937471Z  [32m✓[39m tests/stale-actions.test.mjs [2m([22m[2m6 tests[22m[2m)[22m[32m 106[2mms[22m[39m
2026-10-08T15:16:56.2416869Z  [32m✓[39m tests/core.test.ts [2m([22m[2m9 tests[22m[2m)[22m[32m 22[2mms[22m[39m
2026-10-08T15:16:56.4247116Z  [32m✓[39m tests/backup.test.ts [2m([22m[2m53 tests[22m[2m)[22m[33m 1417[2mms[22m[39m
2026-10-08T15:16:56.4256900Z    [33m[2m✓[22m[39m an accepted near-limit backup can be exported again using compact JSON[33m 632[2mms[22m[39m
2026-10-08T15:16:56.4258952Z    [33m[2m✓[22m[39m two individually portable trackers cannot merge beyond the backup byte limit[33m 379[2mms[22m[39m
2026-10-08T15:16:56.4777212Z  [32m✓[39m tests/submitted-policy.test.mjs [2m([22m[2m9 tests[22m[2m)[22m[32m 94[2mms[22m[39m
2026-10-08T15:16:56.5721320Z  [32m✓[39m tests/loading.test.mjs [2m([22m[2m11 tests[22m[2m)[22m[32m 118[2mms[22m[39m
2026-10-08T15:16:56.6570005Z  [32m✓[39m tests/storage.test.mjs [2m([22m[2m6 tests[22m[2m)[22m[32m 57[2mms[22m[39m
2026-10-08T15:16:56.6655060Z 
2026-10-08T15:16:56.6657021Z [2m Test Files [22m [1m[32m12 passed[39m[22m[90m (12)[39m
2026-10-08T15:16:56.6675845Z [2m      Tests [22m [1m[32m201 passed[39m[22m[90m (201)[39m
2026-10-08T15:16:56.6676646Z [2m   Start at [22m 15:16:54
2026-10-08T15:16:56.6677814Z [2m   Duration [22m 1.95s[2m (tests 79%, transform 12%, import 8%, worker 2%)[22m
2026-10-08T15:16:56.6678469Z 
2026-10-08T15:16:56.6679673Z [2m    Isolate [22m [33m12 workers spawned[39m[2m · ~137ms startup each (spawn + environment, per file)[22m
2026-10-08T15:16:56.6681610Z [2m            [22m [2mat least ~410ms faster with [22m[33misolate: false[39m[2m — reuses workers across files instead of one per file[22m
2026-10-08T15:16:56.6682498Z 
2026-10-08T15:16:56.7025843Z ##[group]Run npm run build
2026-10-08T15:16:56.7026156Z [36;1mnpm run build[0m
2026-10-08T15:16:56.7090372Z shell: /usr/bin/bash -e {0}
2026-10-08T15:16:56.7090688Z ##[endgroup]
2026-10-08T15:16:56.8100760Z 
2026-10-08T15:16:56.8101321Z > returnby@0.1.0 build
2026-10-08T15:16:56.8101924Z > tsc --noEmit && vite build
2026-10-08T15:16:56.8102264Z 
2026-10-08T15:16:58.3979573Z [36mvite v8.3.3 [32mbuilding client environment for production...[36m[39m
2026-10-08T15:16:58.4116281Z transforming...
2026-10-08T15:16:58.4607488Z ✓ 21 modules transformed.
2026-10-08T15:16:58.4764023Z rendering chunks...
2026-10-08T15:16:58.4867352Z computing gzip size...
2026-10-08T15:16:58.4873976Z dist/index.html                  9.99 kB │ gzip:  3.48 kB
2026-10-08T15:16:58.4879377Z dist/assets/index-41FLtvzD.css  12.78 kB │ gzip:  3.47 kB
2026-10-08T15:16:58.4881015Z dist/assets/index-B_BGqvdA.js   30.62 kB │ gzip: 11.16 kB
2026-10-08T15:16:58.4881475Z 
2026-10-08T15:16:58.4881864Z [32m✓ built in 88ms[39m
2026-10-08T15:16:58.5203173Z Post job cleanup.
2026-10-08T15:16:58.6442473Z (node:2554) [DEP0040] DeprecationWarning: The `punycode` module is deprecated. Please use a userland alternative instead.
2026-10-08T15:16:58.6444040Z (Use `node --trace-deprecation ...` to show where the warning was created)
2026-10-08T15:16:58.6446842Z Cache hit occurred on the primary key node-cache-Linux-x64-npm-df462277ac00377fab2913d56331cbd61a668f929cf335a250b95d1eb23d49df, not saving cache.
2026-10-08T15:16:58.6602832Z Post job cleanup.
2026-10-08T15:16:58.7444667Z [command]/usr/bin/git version
2026-10-08T15:16:58.7489114Z git version 2.55.0
2026-10-08T15:16:58.7527070Z Temporarily overriding HOME='/home/runner/work/_temp/3a9f5d85-dc0b-43f6-94c0-54760ad5bbd5' before making global git config changes
2026-10-08T15:16:58.7528710Z Adding repository directory to the temporary git global config as a safe directory
2026-10-08T15:16:58.7532154Z [command]/usr/bin/git config --global --add safe.directory /home/runner/work/returnby/returnby
2026-10-08T15:16:58.7572419Z [command]/usr/bin/git config --local --name-only --get-regexp core\.sshCommand
2026-10-08T15:16:58.7608934Z [command]/usr/bin/git submodule foreach --recursive sh -c "git config --local --name-only --get-regexp 'core\.sshCommand' && git config --local --unset-all 'core.sshCommand' || :"
2026-10-08T15:16:58.7864640Z [command]/usr/bin/git config --local --name-only --get-regexp http\.https\:\/\/github\.com\/\.extraheader
2026-10-08T15:16:58.7892653Z http.https://github.com/.extraheader
2026-10-08T15:16:58.7905355Z [command]/usr/bin/git config --local --unset-all http.https://github.com/.extraheader
2026-10-08T15:16:58.7941889Z [command]/usr/bin/git submodule foreach --recursive sh -c "git config --local --name-only --get-regexp 'http\.https\:\/\/github\.com\/\.extraheader' && git config --local --unset-all 'http.https://github.com/.extraheader' || :"
2026-10-08T15:16:58.8208340Z [command]/usr/bin/git config --local --name-only --get-regexp ^includeIf\.gitdir:
2026-10-08T15:16:58.8259359Z [command]/usr/bin/git submodule foreach --recursive git config --local --show-origin --name-only --get-regexp remote.origin.url
2026-10-08T15:16:58.8664069Z Cleaning up orphan processes
2026-10-08T15:16:58.8966823Z ##[warning]Node.js 20 is deprecated. The following actions target Node.js 20 but are being forced to run on Node.js 24: actions/checkout@v4, actions/setup-node@v4. For more information see: https://github.blog/changelog/2025-09-19-deprecation-of-node-20-on-github-actions-runners/
